// Jest Snapshot v1, https://goo.gl/fbAQLP

exports[`Content banner block Content banner block should be available 1`] = `
"<!-- wp:multiple-blocks-plugin/content-banner -->
<div class=\\"wp-block-group alignwide\\"><div id=\\"main-content-anchor\\" class=\\"content-banner-wrapper container\\"><div class=\\"row middle-xs\\"><!-- wp:multiple-blocks-plugin/dm-content-banner-content -->
<div class=\\"col-sm-12 col-md-6\\"><div><!-- wp:post-title {\\"level\\":1} /--><div class=\\"content-banner-short-text\\"></div></div></div>
<!-- /wp:multiple-blocks-plugin/dm-content-banner-content -->

<!-- wp:multiple-blocks-plugin/dm-content-banner-image -->
<div class=\\"col-sm-12 col-md-6\\"><!-- wp:image -->
<figure class=\\"wp-block-image\\"><img alt=\\"\\"/></figure>
<!-- /wp:image --></div>
<!-- /wp:multiple-blocks-plugin/dm-content-banner-image --></div></div></div>
<!-- /wp:multiple-blocks-plugin/content-banner -->"
`;
