// Jest Snapshot v1, https://goo.gl/fbAQLP

exports[`Four columns text block Four columns text block should be available 1`] = `
"<!-- wp:multiple-blocks-plugin/four-columns-text -->
<div class=\\"row\\"><!-- wp:multiple-blocks-plugin/dm-col-sm-12-md-3-text -->
<div class=\\"col-sm-12 col-md-3\\"><!-- wp:paragraph -->
<p></p>
<!-- /wp:paragraph --></div>
<!-- /wp:multiple-blocks-plugin/dm-col-sm-12-md-3-text -->

<!-- wp:multiple-blocks-plugin/dm-col-sm-12-md-3-text -->
<div class=\\"col-sm-12 col-md-3\\"><!-- wp:paragraph -->
<p></p>
<!-- /wp:paragraph --></div>
<!-- /wp:multiple-blocks-plugin/dm-col-sm-12-md-3-text -->

<!-- wp:multiple-blocks-plugin/dm-col-sm-12-md-3-text -->
<div class=\\"col-sm-12 col-md-3\\"><!-- wp:paragraph -->
<p></p>
<!-- /wp:paragraph --></div>
<!-- /wp:multiple-blocks-plugin/dm-col-sm-12-md-3-text -->

<!-- wp:multiple-blocks-plugin/dm-col-sm-12-md-3-text -->
<div class=\\"col-sm-12 col-md-3\\"><!-- wp:paragraph -->
<p></p>
<!-- /wp:paragraph --></div>
<!-- /wp:multiple-blocks-plugin/dm-col-sm-12-md-3-text --></div>
<!-- /wp:multiple-blocks-plugin/four-columns-text -->"
`;
