// Jest Snapshot v1, https://goo.gl/fbAQLP

exports[`Pros and cons block Pros and cons block should be available 1`] = `
"<!-- wp:multiple-blocks-plugin/pros-and-cons -->
<div class=\\"row\\"><!-- wp:multiple-blocks-plugin/dm-pros-list -->
<div class=\\"col-sm-12 col-md-6\\"><!-- wp:list {\\"className\\":\\"prosList\\"} -->
<ul class=\\"prosList\\"><!-- wp:list-item -->
<li></li>
<!-- /wp:list-item --></ul>
<!-- /wp:list --></div>
<!-- /wp:multiple-blocks-plugin/dm-pros-list -->

<!-- wp:multiple-blocks-plugin/dm-cons-list -->
<div class=\\"col-sm-12 col-md-6\\"><!-- wp:list {\\"className\\":\\"consList\\"} -->
<ul class=\\"consList\\"><!-- wp:list-item -->
<li></li>
<!-- /wp:list-item --></ul>
<!-- /wp:list --></div>
<!-- /wp:multiple-blocks-plugin/dm-cons-list --></div>
<!-- /wp:multiple-blocks-plugin/pros-and-cons -->"
`;
