// Jest Snapshot v1, https://goo.gl/fbAQLP

exports[`Three columns block Three columns block should be available 1`] = `
"<!-- wp:multiple-blocks-plugin/three-columns -->
<div class=\\"row\\"><!-- wp:multiple-blocks-plugin/dm-col-sm-12-md-4 -->
<div class=\\"col-sm-12 col-md-4\\"><!-- wp:paragraph -->
<p></p>
<!-- /wp:paragraph --></div>
<!-- /wp:multiple-blocks-plugin/dm-col-sm-12-md-4 -->

<!-- wp:multiple-blocks-plugin/dm-col-sm-12-md-4 -->
<div class=\\"col-sm-12 col-md-4\\"><!-- wp:paragraph -->
<p></p>
<!-- /wp:paragraph --></div>
<!-- /wp:multiple-blocks-plugin/dm-col-sm-12-md-4 -->

<!-- wp:multiple-blocks-plugin/dm-col-sm-12-md-4 -->
<div class=\\"col-sm-12 col-md-4\\"><!-- wp:paragraph -->
<p></p>
<!-- /wp:paragraph --></div>
<!-- /wp:multiple-blocks-plugin/dm-col-sm-12-md-4 --></div>
<!-- /wp:multiple-blocks-plugin/three-columns -->"
`;
